> ssh ${AUTHD_PAM_SSH_USER}@localhost ${AUTHD_PAM_SSH_ARGS}
== Provider selection ==
  1. local
  2. ExampleBroker
(user-integration-pre-check-deny-authentication-if-max-attempts-reached-on-shared-sshd@localhost
) Choose your provider:
>
────────────────────────────────────────────────────────────────────────────────
> ssh ${AUTHD_PAM_SSH_USER}@localhost ${AUTHD_PAM_SSH_ARGS}
== Provider selection ==
  1. local
  2. ExampleBroker
(user-integration-pre-check-deny-authentication-if-max-attempts-reached-on-shared-sshd@localhost
) Choose your provider:
> 2
== Password authentication ==
Enter 'r' to cancel the request and go back to select the authentication method
(user-integration-pre-check-deny-authentication-if-max-attempts-reached-on-shared-sshd@localhost
) Gimme your password:
>
────────────────────────────────────────────────────────────────────────────────
> ssh ${AUTHD_PAM_SSH_USER}@localhost ${AUTHD_PAM_SSH_ARGS}
== Provider selection ==
  1. local
  2. ExampleBroker
(user-integration-pre-check-deny-authentication-if-max-attempts-reached-on-shared-sshd@localhost
) Choose your provider:
> 2
== Password authentication ==
Enter 'r' to cancel the request and go back to select the authentication method
(user-integration-pre-check-deny-authentication-if-max-attempts-reached-on-shared-sshd@localhost
) Gimme your password:
>
invalid password 'wrongpass', should be 'goodpass'
== Password authentication ==
Enter 'r' to cancel the request and go back to select the authentication method
(user-integration-pre-check-deny-authentication-if-max-attempts-reached-on-shared-sshd@localhost
) Gimme your password:
>
────────────────────────────────────────────────────────────────────────────────
> ssh ${AUTHD_PAM_SSH_USER}@localhost ${AUTHD_PAM_SSH_ARGS}
== Provider selection ==
  1. local
  2. ExampleBroker
(user-integration-pre-check-deny-authentication-if-max-attempts-reached-on-shared-sshd@localhost
) Choose your provider:
> 2
== Password authentication ==
Enter 'r' to cancel the request and go back to select the authentication method
(user-integration-pre-check-deny-authentication-if-max-attempts-reached-on-shared-sshd@localhost
) Gimme your password:
>
invalid password 'wrongpass', should be 'goodpass'
== Password authentication ==
Enter 'r' to cancel the request and go back to select the authentication method
(user-integration-pre-check-deny-authentication-if-max-attempts-reached-on-shared-sshd@localhost
) Gimme your password:
>
invalid password 'wrongpass', should be 'goodpass'
== Password authentication ==
Enter 'r' to cancel the request and go back to select the authentication method
(user-integration-pre-check-deny-authentication-if-max-attempts-reached-on-shared-sshd@localhost
) Gimme your password:
>
────────────────────────────────────────────────────────────────────────────────
> ssh ${AUTHD_PAM_SSH_USER}@localhost ${AUTHD_PAM_SSH_ARGS}
== Provider selection ==
  1. local
  2. ExampleBroker
(user-integration-pre-check-deny-authentication-if-max-attempts-reached-on-shared-sshd@localhost
) Choose your provider:
> 2
== Password authentication ==
Enter 'r' to cancel the request and go back to select the authentication method
(user-integration-pre-check-deny-authentication-if-max-attempts-reached-on-shared-sshd@localhost
) Gimme your password:
>
invalid password 'wrongpass', should be 'goodpass'
== Password authentication ==
Enter 'r' to cancel the request and go back to select the authentication method
(user-integration-pre-check-deny-authentication-if-max-attempts-reached-on-shared-sshd@localhost
) Gimme your password:
>
invalid password 'wrongpass', should be 'goodpass'
== Password authentication ==
Enter 'r' to cancel the request and go back to select the authentication method
(user-integration-pre-check-deny-authentication-if-max-attempts-reached-on-shared-sshd@localhost
) Gimme your password:
>
invalid password 'wrongpass', should be 'goodpass'
== Password authentication ==
Enter 'r' to cancel the request and go back to select the authentication method
(user-integration-pre-check-deny-authentication-if-max-attempts-reached-on-shared-sshd@localhost
) Gimme your password:
>
────────────────────────────────────────────────────────────────────────────────
> ssh ${AUTHD_PAM_SSH_USER}@localhost ${AUTHD_PAM_SSH_ARGS}
== Provider selection ==
  1. local
  2. ExampleBroker
(user-integration-pre-check-deny-authentication-if-max-attempts-reached-on-shared-sshd@localhost
) Choose your provider:
> 2
== Password authentication ==
Enter 'r' to cancel the request and go back to select the authentication method
(user-integration-pre-check-deny-authentication-if-max-attempts-reached-on-shared-sshd@localhost
) Gimme your password:
>
invalid password 'wrongpass', should be 'goodpass'
== Password authentication ==
Enter 'r' to cancel the request and go back to select the authentication method
(user-integration-pre-check-deny-authentication-if-max-attempts-reached-on-shared-sshd@localhost
) Gimme your password:
>
invalid password 'wrongpass', should be 'goodpass'
== Password authentication ==
Enter 'r' to cancel the request and go back to select the authentication method
(user-integration-pre-check-deny-authentication-if-max-attempts-reached-on-shared-sshd@localhost
) Gimme your password:
>
invalid password 'wrongpass', should be 'goodpass'
== Password authentication ==
Enter 'r' to cancel the request and go back to select the authentication method
(user-integration-pre-check-deny-authentication-if-max-attempts-reached-on-shared-sshd@localhost
) Gimme your password:
>
invalid password 'wrongpass', should be 'goodpass'
== Password authentication ==
Enter 'r' to cancel the request and go back to select the authentication method
(user-integration-pre-check-deny-authentication-if-max-attempts-reached-on-shared-sshd@localhost
) Gimme your password:
>
────────────────────────────────────────────────────────────────────────────────
> ssh ${AUTHD_PAM_SSH_USER}@localhost ${AUTHD_PAM_SSH_ARGS}
== Provider selection ==
  1. local
  2. ExampleBroker
(user-integration-pre-check-deny-authentication-if-max-attempts-reached-on-shared-sshd@localhost
) Choose your provider:
> 2
== Password authentication ==
Enter 'r' to cancel the request and go back to select the authentication method
(user-integration-pre-check-deny-authentication-if-max-attempts-reached-on-shared-sshd@localhost
) Gimme your password:
>
invalid password 'wrongpass', should be 'goodpass'
== Password authentication ==
Enter 'r' to cancel the request and go back to select the authentication method
(user-integration-pre-check-deny-authentication-if-max-attempts-reached-on-shared-sshd@localhost
) Gimme your password:
>
invalid password 'wrongpass', should be 'goodpass'
== Password authentication ==
Enter 'r' to cancel the request and go back to select the authentication method
(user-integration-pre-check-deny-authentication-if-max-attempts-reached-on-shared-sshd@localhost
) Gimme your password:
>
invalid password 'wrongpass', should be 'goodpass'
== Password authentication ==
Enter 'r' to cancel the request and go back to select the authentication method
(user-integration-pre-check-deny-authentication-if-max-attempts-reached-on-shared-sshd@localhost
) Gimme your password:
>
invalid password 'wrongpass', should be 'goodpass'
== Password authentication ==
Enter 'r' to cancel the request and go back to select the authentication method
(user-integration-pre-check-deny-authentication-if-max-attempts-reached-on-shared-sshd@localhost
) Gimme your password:
>
invalid password 'wrongpass', should be 'goodpass'
== Provider selection ==
  1. local
  2. ExampleBroker
(user-integration-pre-check-deny-authentication-if-max-attempts-reached-on-shared-sshd@localhost
) Choose your provider:
>
────────────────────────────────────────────────────────────────────────────────
> ssh ${AUTHD_PAM_SSH_USER}@localhost ${AUTHD_PAM_SSH_ARGS}
== Provider selection ==
  1. local
  2. ExampleBroker
(user-integration-pre-check-deny-authentication-if-max-attempts-reached-on-shared-sshd@localhost
) Choose your provider:
> 2
== Password authentication ==
Enter 'r' to cancel the request and go back to select the authentication method
(user-integration-pre-check-deny-authentication-if-max-attempts-reached-on-shared-sshd@localhost
) Gimme your password:
>
invalid password 'wrongpass', should be 'goodpass'
== Password authentication ==
Enter 'r' to cancel the request and go back to select the authentication method
(user-integration-pre-check-deny-authentication-if-max-attempts-reached-on-shared-sshd@localhost
) Gimme your password:
>
invalid password 'wrongpass', should be 'goodpass'
== Password authentication ==
Enter 'r' to cancel the request and go back to select the authentication method
(user-integration-pre-check-deny-authentication-if-max-attempts-reached-on-shared-sshd@localhost
) Gimme your password:
>
invalid password 'wrongpass', should be 'goodpass'
== Password authentication ==
Enter 'r' to cancel the request and go back to select the authentication method
(user-integration-pre-check-deny-authentication-if-max-attempts-reached-on-shared-sshd@localhost
) Gimme your password:
>
invalid password 'wrongpass', should be 'goodpass'
== Password authentication ==
Enter 'r' to cancel the request and go back to select the authentication method
(user-integration-pre-check-deny-authentication-if-max-attempts-reached-on-shared-sshd@localhost
) Gimme your password:
>
invalid password 'wrongpass', should be 'goodpass'
== Provider selection ==
  1. local
  2. ExampleBroker
(user-integration-pre-check-deny-authentication-if-max-attempts-reached-on-shared-sshd@localhost
) Choose your provider:
>
────────────────────────────────────────────────────────────────────────────────
