> ssh ${AUTHD_PAM_SSH_USER}@localhost ${AUTHD_PAM_SSH_ARGS}
== Provider selection ==
  1. local
  2. ExampleBroker
(user-integration-pre-check-deny-authentication-if-max-attempts-reached@localhost) Choose your p
rovider:
>
────────────────────────────────────────────────────────────────────────────────
> ssh ${AUTHD_PAM_SSH_USER}@localhost ${AUTHD_PAM_SSH_ARGS}
== Provider selection ==
  1. local
  2. ExampleBroker
(user-integration-pre-check-deny-authentication-if-max-attempts-reached@localhost) Choose your p
rovider:
> 2
== Password authentication ==
Enter 'r' to cancel the request and go back to select the authentication method
(user-integration-pre-check-deny-authentication-if-max-attempts-reached@localhost) Gimme your pa
ssword:
>
────────────────────────────────────────────────────────────────────────────────
> ssh ${AUTHD_PAM_SSH_USER}@localhost ${AUTHD_PAM_SSH_ARGS}
== Provider selection ==
  1. local
  2. ExampleBroker
(user-integration-pre-check-deny-authentication-if-max-attempts-reached@localhost) Choose your p
rovider:
> 2
== Password authentication ==
Enter 'r' to cancel the request and go back to select the authentication method
(user-integration-pre-check-deny-authentication-if-max-attempts-reached@localhost) Gimme your pa
ssword:
>
invalid password 'wrongpass', should be 'goodpass'
== Password authentication ==
Enter 'r' to cancel the request and go back to select the authentication method
(user-integration-pre-check-deny-authentication-if-max-attempts-reached@localhost) Gimme your pa
ssword:
>
────────────────────────────────────────────────────────────────────────────────
> ssh ${AUTHD_PAM_SSH_USER}@localhost ${AUTHD_PAM_SSH_ARGS}
== Provider selection ==
  1. local
  2. ExampleBroker
(user-integration-pre-check-deny-authentication-if-max-attempts-reached@localhost) Choose your p
rovider:
> 2
== Password authentication ==
Enter 'r' to cancel the request and go back to select the authentication method
(user-integration-pre-check-deny-authentication-if-max-attempts-reached@localhost) Gimme your pa
ssword:
>
invalid password 'wrongpass', should be 'goodpass'
== Password authentication ==
Enter 'r' to cancel the request and go back to select the authentication method
(user-integration-pre-check-deny-authentication-if-max-attempts-reached@localhost) Gimme your pa
ssword:
>
invalid password 'wrongpass', should be 'goodpass'
== Password authentication ==
Enter 'r' to cancel the request and go back to select the authentication method
(user-integration-pre-check-deny-authentication-if-max-attempts-reached@localhost) Gimme your pa
ssword:
>
────────────────────────────────────────────────────────────────────────────────
> ssh ${AUTHD_PAM_SSH_USER}@localhost ${AUTHD_PAM_SSH_ARGS}
== Provider selection ==
  1. local
  2. ExampleBroker
(user-integration-pre-check-deny-authentication-if-max-attempts-reached@localhost) Choose your p
rovider:
> 2
== Password authentication ==
Enter 'r' to cancel the request and go back to select the authentication method
(user-integration-pre-check-deny-authentication-if-max-attempts-reached@localhost) Gimme your pa
ssword:
>
invalid password 'wrongpass', should be 'goodpass'
== Password authentication ==
Enter 'r' to cancel the request and go back to select the authentication method
(user-integration-pre-check-deny-authentication-if-max-attempts-reached@localhost) Gimme your pa
ssword:
>
invalid password 'wrongpass', should be 'goodpass'
== Password authentication ==
Enter 'r' to cancel the request and go back to select the authentication method
(user-integration-pre-check-deny-authentication-if-max-attempts-reached@localhost) Gimme your pa
ssword:
>
invalid password 'wrongpass', should be 'goodpass'
== Password authentication ==
Enter 'r' to cancel the request and go back to select the authentication method
(user-integration-pre-check-deny-authentication-if-max-attempts-reached@localhost) Gimme your pa
ssword:
>
────────────────────────────────────────────────────────────────────────────────
> ssh ${AUTHD_PAM_SSH_USER}@localhost ${AUTHD_PAM_SSH_ARGS}
== Provider selection ==
  1. local
  2. ExampleBroker
(user-integration-pre-check-deny-authentication-if-max-attempts-reached@localhost) Choose your p
rovider:
> 2
== Password authentication ==
Enter 'r' to cancel the request and go back to select the authentication method
(user-integration-pre-check-deny-authentication-if-max-attempts-reached@localhost) Gimme your pa
ssword:
>
invalid password 'wrongpass', should be 'goodpass'
== Password authentication ==
Enter 'r' to cancel the request and go back to select the authentication method
(user-integration-pre-check-deny-authentication-if-max-attempts-reached@localhost) Gimme your pa
ssword:
>
invalid password 'wrongpass', should be 'goodpass'
== Password authentication ==
Enter 'r' to cancel the request and go back to select the authentication method
(user-integration-pre-check-deny-authentication-if-max-attempts-reached@localhost) Gimme your pa
ssword:
>
invalid password 'wrongpass', should be 'goodpass'
== Password authentication ==
Enter 'r' to cancel the request and go back to select the authentication method
(user-integration-pre-check-deny-authentication-if-max-attempts-reached@localhost) Gimme your pa
ssword:
>
invalid password 'wrongpass', should be 'goodpass'
== Password authentication ==
Enter 'r' to cancel the request and go back to select the authentication method
(user-integration-pre-check-deny-authentication-if-max-attempts-reached@localhost) Gimme your pa
ssword:
>
────────────────────────────────────────────────────────────────────────────────
> ssh ${AUTHD_PAM_SSH_USER}@localhost ${AUTHD_PAM_SSH_ARGS}
== Provider selection ==
  1. local
  2. ExampleBroker
(user-integration-pre-check-deny-authentication-if-max-attempts-reached@localhost) Choose your p
rovider:
> 2
== Password authentication ==
Enter 'r' to cancel the request and go back to select the authentication method
(user-integration-pre-check-deny-authentication-if-max-attempts-reached@localhost) Gimme your pa
ssword:
>
invalid password 'wrongpass', should be 'goodpass'
== Password authentication ==
Enter 'r' to cancel the request and go back to select the authentication method
(user-integration-pre-check-deny-authentication-if-max-attempts-reached@localhost) Gimme your pa
ssword:
>
invalid password 'wrongpass', should be 'goodpass'
== Password authentication ==
Enter 'r' to cancel the request and go back to select the authentication method
(user-integration-pre-check-deny-authentication-if-max-attempts-reached@localhost) Gimme your pa
ssword:
>
invalid password 'wrongpass', should be 'goodpass'
== Password authentication ==
Enter 'r' to cancel the request and go back to select the authentication method
(user-integration-pre-check-deny-authentication-if-max-attempts-reached@localhost) Gimme your pa
ssword:
>
invalid password 'wrongpass', should be 'goodpass'
== Password authentication ==
Enter 'r' to cancel the request and go back to select the authentication method
(user-integration-pre-check-deny-authentication-if-max-attempts-reached@localhost) Gimme your pa
ssword:
>
invalid password 'wrongpass', should be 'goodpass'
== Provider selection ==
  1. local
  2. ExampleBroker
(user-integration-pre-check-deny-authentication-if-max-attempts-reached@localhost) Choose your p
rovider:
>
────────────────────────────────────────────────────────────────────────────────
> ssh ${AUTHD_PAM_SSH_USER}@localhost ${AUTHD_PAM_SSH_ARGS}
== Provider selection ==
  1. local
  2. ExampleBroker
(user-integration-pre-check-deny-authentication-if-max-attempts-reached@localhost) Choose your p
rovider:
> 2
== Password authentication ==
Enter 'r' to cancel the request and go back to select the authentication method
(user-integration-pre-check-deny-authentication-if-max-attempts-reached@localhost) Gimme your pa
ssword:
>
invalid password 'wrongpass', should be 'goodpass'
== Password authentication ==
Enter 'r' to cancel the request and go back to select the authentication method
(user-integration-pre-check-deny-authentication-if-max-attempts-reached@localhost) Gimme your pa
ssword:
>
invalid password 'wrongpass', should be 'goodpass'
== Password authentication ==
Enter 'r' to cancel the request and go back to select the authentication method
(user-integration-pre-check-deny-authentication-if-max-attempts-reached@localhost) Gimme your pa
ssword:
>
invalid password 'wrongpass', should be 'goodpass'
== Password authentication ==
Enter 'r' to cancel the request and go back to select the authentication method
(user-integration-pre-check-deny-authentication-if-max-attempts-reached@localhost) Gimme your pa
ssword:
>
invalid password 'wrongpass', should be 'goodpass'
== Password authentication ==
Enter 'r' to cancel the request and go back to select the authentication method
(user-integration-pre-check-deny-authentication-if-max-attempts-reached@localhost) Gimme your pa
ssword:
>
invalid password 'wrongpass', should be 'goodpass'
== Provider selection ==
  1. local
  2. ExampleBroker
(user-integration-pre-check-deny-authentication-if-max-attempts-reached@localhost) Choose your p
rovider:
>
────────────────────────────────────────────────────────────────────────────────
